// Jest Snapshot v1, https://goo.gl/fbAQLP

exports[`icons/LockedIcon renders component correctly 1`] = `
<div
  class="w-screen bg-gray-700 text-gray-200 justify-between flex items-center"
>
  <nav
    class="ml-6 flex flex-row space-x-6"
  >
    <div>
      <locked-icon-stub />
    </div>
    <div>
      <menu-icon-stub />
    </div>
    <div>
      <menu-arrow-icon-stub />
    </div>
  </nav>
  <div
    class="flex flex-row items-center"
  >
    <div
      class="
          bg-white
          h-full
          border-t-2 border-gray-700
          flex flex-row
          relative
          pt-2
        "
    >
      <avatar-icon-stub
        class="m-2"
      />
      <div
        class="text-gray-800 mr-12"
      >
        <div>
          Selling
        </div>
        <div>
          012
        </div>
      </div>
      <button
        class="absolute right-2 top-0"
      >
        x
      </button>
    </div>
    <div
      class="px-6"
    >
      <plus-icon-stub />
    </div>
  </div>
</div>
`;
