// Jest Snapshot v1, https://goo.gl/fbAQLP

exports[`icons/MenuIcon renders component correctly 1`] = `
<svg
  height="28"
  viewbox="0 0 28 28"
  width="28"
>
  <g
    fill="#FDFEFF"
    fill-rule="nonzero"
  >
    <circle
      cx="4"
      cy="4"
      pid="0"
      r="4"
    />
    <circle
      cx="14"
      cy="4"
      opacity=".9"
      pid="1"
      r="4"
    />
    <circle
      cx="24"
      cy="4"
      opacity=".8"
      pid="2"
      r="4"
    />
    <circle
      cx="4"
      cy="14"
      opacity=".7"
      pid="3"
      r="4"
    />
    <circle
      cx="14"
      cy="14"
      opacity=".6"
      pid="4"
      r="4"
    />
    <circle
      cx="24"
      cy="14"
      opacity=".5"
      pid="5"
      r="4"
    />
    <circle
      cx="4"
      cy="24"
      opacity=".4"
      pid="6"
      r="4"
    />
    <circle
      cx="14"
      cy="24"
      opacity=".3"
      pid="7"
      r="4"
    />
    <circle
      cx="24"
      cy="24"
      opacity=".2"
      pid="8"
      r="4"
    />
  </g>
</svg>
`;
