// Jest Snapshot v1, https://goo.gl/fbAQLP

exports[`icons/MenuArrowIcon renders component correctly 1`] = `
<svg
  height="28"
  viewbox="0 0 38 28"
  width="38"
>
  <g
    fill="#FFF"
    fill-rule="nonzero"
  >
    <path
      d="M31.5 3h-30C.7 3 0 2.3 0 1.5S.7 0 1.5 0h30c.8 0 1.5.7 1.5 1.5S32.3 3 31.5 3z"
      pid="0"
    />
    <path
      d="M20.5 13h-19C.7 13 0 12.3 0 11.5S.7 10 1.5 10h19c.8 0 1.5.7 1.5 1.5s-.7 1.5-1.5 1.5z"
      opacity=".6"
      pid="1"
    />
    <path
      d="M15.5 23h-14C.7 23 0 22.3 0 21.5S.7 20 1.5 20h14c.8 0 1.5.7 1.5 1.5s-.7 1.5-1.5 1.5z"
      opacity=".3"
      pid="2"
    />
    <path
      d="M30.5 19V9c0-.8-.7-1.5-1.5-1.5s-1.5.7-1.5 1.5v10h-7l8.5 8.5 8.5-8.5h-7z"
      pid="3"
    />
  </g>
</svg>
`;
